// Vitest Snapshot v1, https://vitest.dev/guide/snapshot.html

exports[`attributify > basic 1`] = `
{
  "attributes": {
    "names": [
      "p",
      "border",
      "sm",
      "sm:hover",
      "dark:border",
    ],
    "values": [
      "x-4 y-2 md:x-2 lg:hover:x-8",
      "~",
      "bg-red-500 bg-opacity-50 hover:bg-green-300",
      "text-red-500 text-lg focus:bg-white",
      "~ red-400",
    ],
  },
  "classes": [
    "<div",
    "x-4",
    "y-2",
    "md:x-2",
    "lg:hover:x-8",
    "bg-red-500",
    "bg-opacity-50",
    "hover:bg-green-300",
    "text-red-500",
    "text-lg",
    "focus:bg-white",
    "red-400",
    "a()",
    "text-red-400",
  ],
  "tags": [
    "div",
  ],
}
`;

exports[`attributify > jsx 1`] = `
{
  "attributes": {
    "names": [
      "pos",
      "w",
      "z",
      "bg",
      "shadow",
    ],
    "values": [
      "fixed top-0",
      "full",
      "30",
      "props.scrolled() || props.opened() ? 'white' : 'transparent'",
      "props.scrolled() ? 'md' : 'none'",
    ],
  },
  "classes": [
    "<nav",
    "fixed",
    "top-0",
    "full",
    "props.scrolled()",
    "props.opened()",
    "white",
    "transparent",
    "props.scrolled()",
    "none",
    "props.children",
  ],
  "tags": [
    "nav",
  ],
}
`;

exports[`attributify > jsx 2`] = `
"/* windicss layer base */

/* windicss layer components */

/* windicss layer utilities */
[bg~=\\"white\\"] {
  --tw-bg-opacity: 1;
  background-color: rgba(255, 255, 255, var(--tw-bg-opacity));
}
[bg~=\\"transparent\\"] {
  background-color: transparent;
}
.bg-gradient-to-r {
  background-image: -o-linear-gradient(left, var(--tw-gradient-stops));
  background-image: -webkit-gradient(linear, left top, right top, from(var(--tw-gradient-stops)));
  background-image: linear-gradient(to right, var(--tw-gradient-stops));
}
.fixed {
  position: fixed;
}
[pos~=\\"fixed\\"] {
  position: fixed;
}
.top-0 {
  top: 0px;
}
[pos~=\\"top-0\\"] {
  top: 0px;
}
[shadow~=\\"md\\"] {
  --tw-shadow: 0 4px 6px -1px rgb(0 0 0/0.1),0 2px 4px -2px rgb(0 0 0/0.1);
  --tw-shadow-colored: 0 4px 6px -1px var(--tw-shadow-color),0 2px 4px -2px var(--tw-shadow-color);
  -webkit-box-shadow: var(--tw-ring-offset-shadow,0 0 #0000),var(--tw-ring-shadow,0 0 #0000),var(--tw-shadow);
  box-shadow: var(--tw-ring-offset-shadow,0 0 #0000),var(--tw-ring-shadow,0 0 #0000),var(--tw-shadow);
}
[shadow~=\\":\\"] {
  --tw-shadow: 0 1px 3px 0 rgb(0 0 0/0.1),0 1px 2px -1px rgb(0 0 0/0.1);
  --tw-shadow-colored: 0 1px 3px 0 var(--tw-shadow-color),0 1px 2px -1px var(--tw-shadow-color);
  -webkit-box-shadow: var(--tw-ring-offset-shadow,0 0 #0000),var(--tw-ring-shadow,0 0 #0000),var(--tw-shadow);
  box-shadow: var(--tw-ring-offset-shadow,0 0 #0000),var(--tw-ring-shadow,0 0 #0000),var(--tw-shadow);
}
[shadow~=\\"none\\"] {
  --tw-shadow: 0 0 #0000;
  --tw-shadow-colored: 0 0 #0000;
  -webkit-box-shadow: var(--tw-ring-offset-shadow,0 0 #0000),var(--tw-ring-shadow,0 0 #0000),var(--tw-shadow);
  box-shadow: var(--tw-ring-offset-shadow,0 0 #0000),var(--tw-ring-shadow,0 0 #0000),var(--tw-shadow);
}
[shadow~=\\"props.scrolled()\\"] {
  
  --tw-shadow: var(--tw-shadow-colored);
}
[shadow~=\\"?\\"] {
  
  --tw-shadow: var(--tw-shadow-colored);
}
[w~=\\"full\\"] {
  width: 100%;
}
[z~=\\"30\\"] {
  z-index: 30;
}"
`;
