// Vitest Snapshot v1, https://vitest.dev/guide/snapshot.html

exports[`cases > !important > classes 1`] = `
Set {
  "mt-10",
  "!m-2",
}
`;

exports[`cases > !important > generated-css 1`] = `
"/* windicss layer base */

/* windicss layer components */

/* windicss layer utilities */
.\\\\!m-2 {
  margin: 0.5rem !important;
}
.mt-10 {
  margin-top: 2.5rem;
}"
`;

exports[`cases > !important groups > classes 1`] = `
Set {
  "mt-10",
  "pt-10",
  "!hover:m-2",
  "!hover:p-2",
}
`;

exports[`cases > !important groups > generated-css 1`] = `
"/* windicss layer base */

/* windicss layer components */

/* windicss layer utilities */
.\\\\!hover\\\\:m-2:hover {
  margin: 0.5rem !important;
}
.mt-10 {
  margin-top: 2.5rem;
}
.\\\\!hover\\\\:p-2:hover {
  padding: 0.5rem !important;
}
.pt-10 {
  padding-top: 2.5rem;
}"
`;

exports[`cases > baskslash escape > classes 1`] = `
Set {
  "text-xl",
  "mt-10",
  "mb-2",
}
`;

exports[`cases > baskslash escape > generated-css 1`] = `
"/* windicss layer base */

/* windicss layer components */

/* windicss layer utilities */
.text-xl {
  font-size: 1.25rem;
  line-height: 1.75rem;
}
.mt-10 {
  margin-top: 2.5rem;
}
.mb-2 {
  margin-bottom: 0.5rem;
}"
`;

exports[`cases > baskslash escape 2 > classes 1`] = `
Set {
  "text-xl",
  "mt-10",
}
`;

exports[`cases > baskslash escape 2 > generated-css 1`] = `
"/* windicss layer base */

/* windicss layer components */

/* windicss layer utilities */
.text-xl {
  font-size: 1.25rem;
  line-height: 1.75rem;
}
.mt-10 {
  margin-top: 2.5rem;
}"
`;

exports[`cases > conditional > classes 1`] = `
Set {
  "font-semibold",
  "font-normal",
  "block",
  "truncate",
}
`;

exports[`cases > conditional > generated-css 1`] = `
"/* windicss layer base */

/* windicss layer components */

/* windicss layer utilities */
.block {
  display: block;
}
.font-semibold {
  font-weight: 600;
}
.font-normal {
  font-weight: 400;
}
.truncate {
  overflow: hidden;
  -o-text-overflow: ellipsis;
  text-overflow: ellipsis;
  white-space: nowrap;
}"
`;

exports[`cases > inline style > classes 1`] = `
Set {
  "relative",
  "top-0",
}
`;

exports[`cases > inline style > generated-css 1`] = `
"/* windicss layer base */

/* windicss layer components */

/* windicss layer utilities */
.relative {
  position: relative;
}
.top-0 {
  top: 0px;
}"
`;

exports[`cases > leading + and numbers > classes 1`] = `
Set {
  "2xl:text-xl",
  "+lg:bg-red-900",
}
`;

exports[`cases > leading + and numbers > generated-css 1`] = `
"/* windicss layer base */

/* windicss layer components */

/* windicss layer utilities */
@media (min-width: 1024px) and (max-width: 1280px) {
  .\\\\+lg\\\\:bg-red-900 {
    --tw-bg-opacity: 1;
    background-color: rgba(127, 29, 29, var(--tw-bg-opacity));
  }
}
@media (min-width: 1536px) {
  .\\\\32 xl\\\\:text-xl {
    font-size: 1.25rem;
    line-height: 1.75rem;
  }
}"
`;

exports[`cases > multiple lines > classes 1`] = `
Set {
  "p-4",
  "m-5",
}
`;

exports[`cases > multiple lines > generated-css 1`] = `
"/* windicss layer base */

/* windicss layer components */

/* windicss layer utilities */
.m-5 {
  margin: 1.25rem;
}
.p-4 {
  padding: 1rem;
}"
`;

exports[`cases > square brackets > classes 1`] = `
Set {
  "grid-rows-[auto,max-content,10px]",
  "text-[1.5rem]",
  "text-[#9254d2]",
  "text-[rgb(123,123,23)]",
}
`;

exports[`cases > square brackets > generated-css 1`] = `
"/* windicss layer base */

/* windicss layer components */

/* windicss layer utilities */
.text-\\\\[1\\\\.5rem\\\\] {
  font-size: 1.5rem;
  line-height: 1;
}
.text-\\\\[\\\\#9254d2\\\\] {
  --tw-text-opacity: 1;
  color: rgba(146, 84, 210, var(--tw-text-opacity));
}
.text-\\\\[rgb\\\\(123\\\\2c 123\\\\2c 23\\\\)\\\\] {
  --tw-text-opacity: 1;
  color: rgba(123, 123, 23, var(--tw-text-opacity));
}
.grid-rows-\\\\[auto\\\\2c max-content\\\\2c 10px\\\\] {
  grid-template-rows: auto max-content 10px;
}"
`;

exports[`cases > uppercase classnames > classes 1`] = `
Set {
  "text-light-blue-500",
}
`;

exports[`cases > uppercase classnames > generated-css 1`] = `
"/* windicss layer base */

/* windicss layer components */

/* windicss layer utilities */
.text-light-blue-500 {
  --tw-text-opacity: 1;
  color: rgba(14, 165, 233, var(--tw-text-opacity));
}"
`;

exports[`cases > utilities grouping > classes 1`] = `
Set {
  "bg-white",
  "font-light",
  "sm:hover:bg-gray-100",
  "sm:hover:font-medium",
}
`;

exports[`cases > utilities grouping > classes-pending 1`] = `
Set {
  "bg-white",
  "font-light",
  "sm:hover:bg-gray-100",
  "sm:hover:font-medium",
}
`;

exports[`cases > utilities grouping > generated-css 1`] = `
"/* windicss layer base */

/* windicss layer components */

/* windicss layer utilities */
.bg-white {
  --tw-bg-opacity: 1;
  background-color: rgba(255, 255, 255, var(--tw-bg-opacity));
}
.font-light {
  font-weight: 300;
}
@media (min-width: 640px) {
  .sm\\\\:hover\\\\:bg-gray-100:hover {
    --tw-bg-opacity: 1;
    background-color: rgba(243, 244, 246, var(--tw-bg-opacity));
  }
  .sm\\\\:hover\\\\:font-medium:hover {
    font-weight: 500;
  }
}"
`;

exports[`cases > variables > classes 1`] = `
Set {
  "bg-$test-variable",
}
`;

exports[`cases > variables > generated-css 1`] = `
"/* windicss layer base */

/* windicss layer components */

/* windicss layer utilities */
.bg-\\\\$test-variable {
  background-color: var(--test-variable);
}"
`;
